transcript	reads_per_nt
FBtr0332187	0.5384615384615384
FBtr0332700	0.7272727272727273
